<br/>vvvvvvvvvvvvvvvvvvvvvvvvvvvvvvvvvvvvvv zDateTest started<br/>passed. dateTimeGetZone basic test<br/>passed. dateTimeSetZone basic test<br/>output. dateTimeStrLocal: Local date time 2026-03-10 09:40:29<br/>passed. dateTimeStrLocal basic test<br/>output. dateTimeUnix: 1773150029<br/>passed. dateTimeStrToIsoUtc basic test<br/>passed. dateTimeStrToIsoUtc mountian time test<br/>passed. dateTimeStrIsIsoUtc basic iso test<br/>passed. dateTimeStrIsIsoUtc fractional seconds test<br/>passed. dateTimeStrIsIsoUtc leap year date test<br/>passed. dateTimeStrIsIsoUtc invalid date rejected<br/>passed. dateTimeStrIsIsoUtc invalid hour rejected<br/>passed. dateTimeStrIsIsoUtc invalid minute rejected<br/>passed. dateTimeStrIsIsoUtc invalid second rejected<br/>passed. dateTimeStrIsIsoUtc offset format rejected<br/>passed. dateTimeStrIsIsoUtc nonsense rejected<br/>passed. isDateTimeStr valid leap date<br/>passed. isDateTimeStr valid date<br/>passed. isDateTimeStr valid ISO UTC date time<br/>passed. isDateTimeStr local datetime format accepted<br/>passed. isDateTimeStr invalid day rejected<br/>passed. isDateTimeStr nonsense rejected<br/>passed. isDateTimeStr non padded date rejected<br/>passed. isDateTimeStr invalid hour rejected<br/>passed. checkIsDateStrFormat valid format test<br/>passed. checkIsDateStrFormat throw '31st Feb rejected' 'dateStr 2024-02-31 invalid date' test<br/>passed. checkIsDateStrFormat throw 'non padded date rejected' 'dateStr 2024-7-12 invalid. Should be 10 chars' test<br/>passed. checkIsDateStrFormat throw 'slash format rejected' 'dateStr 2024/07/12 invalid. Should be yyyy-mm-dd' test<br/>passed. checkIsDateStrFormat throw 'length check rejected' 'dateStr 2024-07-123 invalid. Should be 10 chars' test<br/>passed. checkIsDateStrFormat throw 'month upper bound rejected' 'dateStr 2024-13-01 invalid date' test<br/>passed. checkIsDateStrFormat throw 'month lower bound rejected' 'dateStr 2024-00-01 invalid date' test<br/>passed. checkIsDateStrFormat throw 'day lower bound rejected' 'dateStr 2024-01-00 invalid date' test<br/>passed. checkIsDateStrFormat throw 'day upper bound rejected' 'dateStr 2024-01-32 invalid date' test<br/>passed. dateTimeStrToUnix zero test<br/>passed. dateTimeStrToUnix timezone America/New_York not restored correctly to America/New_York<br/>passed. dateTimeStrToUnix zero eastern test<br/>passed. dateTimeStrToUnix timezone America/New_York not restored correctly to America/New_York<br/>passed. dateTimeStrToUnix 1 second test<br/>passed. dateTimeStrToUnix timezone America/New_York not restored correctly to America/New_York<br/>passed. dateTimeStrToUnix throw 'invalid date throws' 'dateStr not a date is not convertable to unix time' test<br/>passed. dateTimeStrToUnix timezone America/New_York not restored correctly to America/New_York<br/>passed. dateTimeStrToDateStr basic test<br/>passed. dateTimeStrToTimeStr basic test<br/>passed. dateTimeIsoUtcToDateTimeStr basic test<br/>passed. dateTimeIsoUtcToUnix IsoUtc 1 second test<br/>passed. dateTimeIsoUtcToUnix timezone America/New_York not restored correctly to America/New_York<br/>passed. dateTimeIsoUtcToUnix throw 'not a UTC time' 'iso Utc time not given' test<br/>passed. dateTimeIsoUtcToUnix timezone America/New_York not restored correctly to America/New_York<br/>passed. dateTimeUnixToDateStr basic test<br/>passed. dateTimeUnixToDateStr eastern test date time<br/>passed. dateTimeUnixToDateStr eastern test date time<br/>passed. dateTimeUnixToDateStr mountain test date time<br/>passed. dateTimeUnixToTimeStr basic test<br/>passed. dateTimeUnixToTimeStr UTC test<br/>passed. dateTimeUnixToTimeStr eastern test date time<br/>passed. dateTimeUnixToTimeStr mountain test date time<br/>passed. dateTimeUnixToDateTimeStr basic test<br/>passed. dateTimeUnixToDateTimeStr UTC test date time<br/>passed. dateTimeUnixToDateTimeStr eastern test date time<br/>passed. dateTimeUnixToDateTimeStr mountain test date time<br/>passed. dateTimeUnixToIsoUtc basic test<br/>passed. dateTimeUnixToIsoUtc timezone America/New_York not restored correctly to America/New_York<br/>passed. dateTimeUnixToIsoUtc throw 'invalid unix type throws' 'dateTimeUnixToIsoUtc(): Argument #1 ($unixTime) must be of type int, string given, called in /opt/lampp/htdocs/syncWebDev/private/zebraPhp/zDates.php on line 263' test<br/>passed. dateTimeUnixToIsoUtc timezone America/New_York not restored correctly to America/New_York<br/>passed. dateTimeUnixToFormatted basic test<br/>passed. dateTimeUnixToFormatted test eastern date<br/>passed. dateTimeUnixToFormatted test mountain date<br/>passed. dateTimeUnixToFormatted test eastern date time<br/>passed. dateTimeUnixToFormatted test mountain date time<br/>passed. dateTimeUnixToFormatted seconds test<br/>passed. dateTimeUnixToFormatted milliseconds test<br/>passed. dateTimeUnixToFormatted microseconds test<br/>passed. dateTimeUnixToFormatted nanoseconds test<br/>passed. dateTimeUnixToFormatted negative milliseconds test<br/>passed. dateTimeUnixToFormatted negative microseconds test<br/>passed. dateTimeUnixToFormatted negative nanoseconds test<br/>passed. dateTimeUnixToFormatted explicit seconds unit test<br/>passed. dateTimeUnixToFormatted millis case-insensitive test<br/>passed. dateTimeUnixToFormatted micros case-insensitive test<br/>passed. dateTimeUnixToFormatted nanos case-insensitive test<br/>passed. dateTimeUnixToFormatted seconds case-insensitive test<br/>passed. dateTimeUnixToFormatted throw 'invalid unit throws' 'time unit mins invalid' test<br/>passed. dateTimeUnixToFormattedAuto basic test<br/>passed. dateTimeUnixToFormattedAuto test eastern date<br/>passed. dateTimeUnixToFormattedAuto test mountain date<br/>passed. dateTimeUnixToFormattedAuto test eastern date time<br/>passed. dateTimeUnixToFormattedAuto test mountain date time<br/>passed. dateTimeUnixToFormattedAuto seconds test<br/>passed. dateTimeUnixToFormattedAuto milliseconds test<br/>passed. dateTimeUnixToFormattedAuto microseconds test<br/>passed. dateTimeUnixToFormattedAuto nanoseconds test<br/>passed. dateTimeUnixToFormattedAuto negative milliseconds test<br/>passed. dateTimeUnixToFormattedAuto negative microseconds test<br/>passed. dateTimeUnixToFormattedAuto negative nanoseconds test<br/>passed. dateTimeUnixToParsed year test<br/>passed. dateTimeUnixToParsed mon test<br/>passed. dateTimeUnixToParsed month test<br/>passed. dateTimeUnixToParsed mday test<br/>passed. dateTimeUnixToParsed wday test<br/>passed. dateTimeUnixToParsed weekday test<br/>passed. dateTimeUnixToParsed yday test<br/>passed. dateTimeUnixToParsed hours test<br/>passed. dateTimeUnixToParsed minutes test<br/>passed. dateTimeUnixToParsed seconds test<br/>passed. dateTimeUnixToParsed year test2<br/>passed. dateTimeUnixToParsed mon test2<br/>passed. dateTimeUnixToParsed month test2<br/>passed. dateTimeUnixToParsed mday test2<br/>passed. dateTimeUnixToParsed wday test2<br/>passed. dateTimeUnixToParsed weekday test2<br/>passed. dateTimeUnixToParsed yday test2<br/>passed. dateTimeUnixToParsed hours test2<br/>passed. dateTimeUnixToParsed minutes test2<br/>passed. dateTimeUnixToParsed seconds test2<br/>passed. dateTimeUnixToParsed timezone America/New_York not restored correctly to America/New_York<br/>passed. dateTimeUnixToParsed throw 'invalid unix type throws' 'dateTimeUnixToParsed(): Argument #1 ($timeUnix) must be of type int, string given, called in /opt/lampp/htdocs/syncWebDev/private/zebraPhp/zDates.php on line 320' test<br/>passed. dateTimeUnixToParsed timezone America/New_York not restored correctly to America/New_York<br/>passed. dateTimeUnixToYearNum basic test<br/>passed. dateTimeUnixToYearNum eastern test date time<br/>passed. dateTimeUnixToYearNum mountain test date time<br/>passed. dateTimeUnixAlterHourMinSec basic test<br/>passed. dateTimeUnixAlterHourMinSec day test<br/>passed. dateTimeUnixRollbackToHourMinSec same day rollback test<br/>passed. dateTimeUnixRollbackToHourMinSec prior day rollback test<br/>passed. dateTimeUnixRollbackToHourMinSec DST spring rollback test<br/>passed. dateTimeUnixRollbackToHourMinSec DST fall rollback test<br/>passed. dateUnixWorkdayCountInclusive monday-monday same day test<br/>passed. dateUnixWorkdayCountInclusive tuesday-tuesday same day test<br/>passed. dateUnixWorkdayCountInclusive wednesday-wednesday same day test<br/>passed. dateUnixWorkdayCountInclusive thursday-thursday same day test<br/>passed. dateUnixWorkdayCountInclusive friday-friday same day test<br/>passed. dateUnixWorkdayCountInclusive saturday-saturday same day test<br/>passed. dateUnixWorkdayCountInclusive sunday-sunday same day test<br/>passed. dateUnixWorkdayCountInclusive saturday-sunday 0 workday test<br/>passed. dateUnixWorkdayCountInclusive wednesday-thursday same week test<br/>passed. dateUnixWorkdayCountInclusive wednesday-friday same week test<br/>passed. dateUnixWorkdayCountInclusive friday-monday accross the weekend test DST spring<br/>passed. dateUnixWorkdayCountInclusive wednesday-monday accross the weekend test DST spring<br/>passed. dateUnixWorkdayCountInclusive wednesday-wednesday whole week test DST spring<br/>passed. dateUnixWorkdayCountInclusive wednesday-friday whole week test DST spring<br/>passed. dateUnixWorkdayCountInclusive wednesday-monday whole week test DST spring<br/>passed. dateUnixWorkdayCountInclusive wednesday-wednesday accross 2 weeks DST spring<br/>passed. dateUnixWorkdayCountInclusive wednesday-monday accross 2 weeks DST spring<br/>passed. dateUnixWorkdayCountInclusive wednesday-monday accross 2 weeks DST spring<br/>passed. dateUnixWorkdayCountInclusive friday-monday accross weekend DST fall<br/>passed. dateUnixWorkdayCountInclusive tuesday-tuesday accross weekend<br/>passed. dateUnixWorkdayCountInclusive special test tuesday-tuesday accross weekend<br/>^^^^^^^^^^^^^^^^^^^^^^^^^^^^^^^^^^^^^^ zDateTest finished<br/>